** Drc report for rk3576-sbc.kicad_pcb **
** Created on 2026-10-06T12:06:23+0000 **
** Report includes: Errors, Warnings, Exclusions **

** Found 156 DRC violations **
[copper_sliver]: Copper sliver (In2.Cu)
    Local override; warning
[holes_co_located]: Drilled holes co-located
    Local override; warning
    @(72.1875 mm, 62.9125 mm): Via [ETH_MDI2_P] on F.Cu - B.Cu
    @(72.1875 mm, 62.9125 mm): Via [ETH_MDI2_P] on F.Cu - B.Cu
[holes_co_located]: Drilled holes co-located
    Local override; warning
    @(69.0625 mm, 58.9875 mm): Via [PHY_LED1] on F.Cu - B.Cu
    @(69.0625 mm, 58.9875 mm): Via [PHY_LED1] on F.Cu - B.Cu
[via_dangling]: Via is not connected or connected on only one layer
    Local override; warning
    @(52.1500 mm, 35.7500 mm): Via [DBG_UART_RX] on F.Cu - B.Cu
[via_dangling]: Via is not connected or connected on only one layer
    Local override; warning
    @(45.3300 mm, 36.9000 mm): Via [DCPHY_VREG] on F.Cu - B.Cu
[via_dangling]: Via is not connected or connected on only one layer
    Local override; warning
    @(40.8000 mm, 34.2000 mm): Via [DDR_ZQ_A] on F.Cu - B.Cu
[via_dangling]: Via is not connected or connected on only one layer
    Local override; warning
    @(40.8000 mm, 30.6000 mm): Via [DDR_ZQ_B] on F.Cu - B.Cu
[via_dangling]: Via is not connected or connected on only one layer
    Local override; warning
    @(52.1500 mm, 26.9500 mm): Via [EMMC_DAT0] on F.Cu - B.Cu
[track_dangling]: Track has unconnected end
    Local override; warning
    @(63.9125 mm, 16.8875 mm): Track [EMMC_DAT1] on F.Cu, length 1.1753 mm
[via_dangling]: Via is not connected or connected on only one layer
    Local override; warning
    @(52.7000 mm, 26.9500 mm): Via [EMMC_DAT1] on F.Cu - B.Cu
[via_dangling]: Via is not connected or connected on only one layer
    Local override; warning
    @(51.6000 mm, 27.0000 mm): Via [EMMC_DAT2] on F.Cu - B.Cu
[track_dangling]: Track has unconnected end
    Local override; warning
    @(64.4125 mm, 19.6125 mm): Track [EMMC_DAT5] on F.Cu, length 0.7071 mm
[via_dangling]: Via is not connected or connected on only one layer
    Local override; warning
    @(52.1500 mm, 28.0500 mm): Via [EMMC_DAT5] on F.Cu - B.Cu
[via_dangling]: Via is not connected or connected on only one layer
    Local override; warning
    @(51.0000 mm, 28.8000 mm): Via [EMMC_DS] on F.Cu - B.Cu
[via_dangling]: Via is not connected or connected on only one layer
    Local override; warning
    @(61.5125 mm, 22.2875 mm): Via [EMMC_DS] on F.Cu - B.Cu
[track_dangling]: Track has unconnected end
    Local override; warning
    @(45.2875 mm, 24.7875 mm): Track [ETH_MDC] on In2.Cu, length 0.7750 mm
[track_dangling]: Track has unconnected end
    Local override; warning
    @(72.0625 mm, 63.2875 mm): Track [ETH_MDI1_N] on F.Cu, length 0.4500 mm
[track_dangling]: Track has unconnected end
    Local override; warning
    @(77.3125 mm, 62.3875 mm): Track [ETH_MDI2_N] on In6.Cu, length 1.4142 mm
[track_dangling]: Track has unconnected end
    Local override; warning
    @(49.7375 mm, 24.4375 mm): Track [HDMI_HPD] on F.Cu, length 1.5750 mm
[track_dangling]: Track has unconnected end
    Local override; warning
    @(46.4625 mm, 26.9625 mm): Track [HDMI_HPD] on In6.Cu, length 0.3750 mm
[via_dangling]: Via is not connected or connected on only one layer
    Local override; warning
    @(51.6000 mm, 40.7000 mm): Via [HDMI_TX_D0N] on F.Cu - B.Cu
[via_dangling]: Via is not connected or connected on only one layer
    Local override; warning
    @(52.1500 mm, 41.2500 mm): Via [HDMI_TX_D1N] on F.Cu - B.Cu
[track_dangling]: Track has unconnected end
    Local override; warning
    @(51.3875 mm, 41.0875 mm): Track [HDMI_TX_D3N] on In6.Cu, length 1.2021 mm
[via_dangling]: Via is not connected or connected on only one layer
    Local override; warning
    @(51.0500 mm, 41.2500 mm): Via [HDMI_TX_D3P] on F.Cu - B.Cu
[via_dangling]: Via is not connected or connected on only one layer
    Local override; warning
    @(49.2000 mm, 37.8000 mm): Via [HDMI_TX_REXT] on F.Cu - B.Cu
[via_dangling]: Via is not connected or connected on only one layer
    Local override; warning
    @(44.0200 mm, 38.8500 mm): Via [HUB_UP_DM] on F.Cu - B.Cu
[via_dangling]: Via is not connected or connected on only one layer
    Local override; warning
    @(50.4000 mm, 37.8000 mm): Via [LED_SYS_L] on F.Cu - B.Cu
[via_dangling]: Via is not connected or connected on only one layer
    Local override; warning
    @(27.4000 mm, 35.1000 mm): Via [LP5_A1_B] on F.Cu - B.Cu
[via_dangling]: Via is not connected or connected on only one layer
    Local override; warning
    @(25.0000 mm, 30.2000 mm): Via [LP5_A2_A] on F.Cu - B.Cu
[via_dangling]: Via is not connected or connected on only one layer
    Local override; warning
    @(38.4000 mm, 34.8000 mm): Via [LP5_A3_A] on F.Cu - B.Cu
[via_dangling]: Via is not connected or connected on only one layer
    Local override; warning
    @(27.4000 mm, 30.9000 mm): Via [LP5_A3_A] on F.Cu - B.Cu
[via_dangling]: Via is not connected or connected on only one layer
    Local override; warning
    @(26.6000 mm, 30.2000 mm): Via [LP5_A4_A] on F.Cu - B.Cu
[via_dangling]: Via is not connected or connected on only one layer
    Local override; warning
    @(25.8000 mm, 31.6000 mm): Via [LP5_CLKN_A] on F.Cu - B.Cu
[via_dangling]: Via is not connected or connected on only one layer
    Local override; warning
    @(37.8000 mm, 31.2000 mm): Via [LP5_CLKP_B] on F.Cu - B.Cu
[via_dangling]: Via is not connected or connected on only one layer
    Local override; warning
    @(40.2000 mm, 33.0000 mm): Via [LP5_CSN1_A] on F.Cu - B.Cu
[track_dangling]: Track has unconnected end
    Local override; warning
    @(31.8375 mm, 40.0875 mm): Track [LP5_DMI0_B] on B.Cu, length 2.1501 mm
[track_dangling]: Track has unconnected end
    Local override; warning
    @(33.9875 mm, 40.1125 mm): Track [LP5_DMI0_B] on In6.Cu, length 0.0559 mm
[via_dangling]: Via is not connected or connected on only one layer
    Local override; warning
    @(30.6000 mm, 37.9000 mm): Via [LP5_DQ0_B] on F.Cu - B.Cu
[via_dangling]: Via is not connected or connected on only one layer
    Local override; warning
    @(38.4000 mm, 27.6000 mm): Via [LP5_DQ0_B] on F.Cu - B.Cu
[via_dangling]: Via is not connected or connected on only one layer
    Local override; warning
    @(38.4000 mm, 36.6000 mm): Via [LP5_DQ13_A] on F.Cu - B.Cu
[via_dangling]: Via is not connected or connected on only one layer
    Local override; warning
    @(26.6000 mm, 27.4000 mm): Via [LP5_DQ13_A] on F.Cu - B.Cu
[via_dangling]: Via is not connected or connected on only one layer
    Local override; warning
    @(39.0000 mm, 37.8000 mm): Via [LP5_DQ14_A] on F.Cu - B.Cu
[via_dangling]: Via is not connected or connected on only one layer
    Local override; warning
    @(26.6000 mm, 28.8000 mm): Via [LP5_DQ14_A] on F.Cu - B.Cu
[via_dangling]: Via is not connected or connected on only one layer
    Local override; warning
    @(23.4000 mm, 37.2000 mm): Via [LP5_DQ14_B] on F.Cu - B.Cu
[via_dangling]: Via is not connected or connected on only one layer
    Local override; warning
    @(37.3000 mm, 26.9500 mm): Via [LP5_DQ14_B] on F.Cu - B.Cu
[via_dangling]: Via is not connected or connected on only one layer
    Local override; warning
    @(22.6000 mm, 36.5000 mm): Via [LP5_DQ15_B] on F.Cu - B.Cu
[via_dangling]: Via is not connected or connected on only one layer
    Local override; warning
    @(38.4000 mm, 28.8000 mm): Via [LP5_DQ1_B] on F.Cu - B.Cu
[via_dangling]: Via is not connected or connected on only one layer
    Local override; warning
    @(29.8000 mm, 38.6000 mm): Via [LP5_DQ1_B] on F.Cu - B.Cu
[via_dangling]: Via is not connected or connected on only one layer
    Local override; warning
    @(29.8000 mm, 37.2000 mm): Via [LP5_DQ2_B] on F.Cu - B.Cu
[via_dangling]: Via is not connected or connected on only one layer
    Local override; warning
    @(37.8000 mm, 29.4000 mm): Via [LP5_DQ2_B] on F.Cu - B.Cu
[via_dangling]: Via is not connected or connected on only one layer
    Local override; warning
    @(37.3000 mm, 29.7000 mm): Via [LP5_DQ3_B] on F.Cu - B.Cu
[via_dangling]: Via is not connected or connected on only one layer
    Local override; warning
    @(29.0000 mm, 37.9000 mm): Via [LP5_DQ3_B] on F.Cu - B.Cu
[via_dangling]: Via is not connected or connected on only one layer
    Local override; warning
    @(22.6000 mm, 26.7000 mm): Via [LP5_DQ4_A] on F.Cu - B.Cu
[via_dangling]: Via is not connected or connected on only one layer
    Local override; warning
    @(39.6000 mm, 36.6000 mm): Via [LP5_DQ5_A] on F.Cu - B.Cu
[via_dangling]: Via is not connected or connected on only one layer
    Local override; warning
    @(26.6000 mm, 37.2000 mm): Via [LP5_DQ6_B] on F.Cu - B.Cu
[via_dangling]: Via is not connected or connected on only one layer
    Local override; warning
    @(28.2000 mm, 38.6000 mm): Via [LP5_RDQS0N_B] on F.Cu - B.Cu
[via_dangling]: Via is not connected or connected on only one layer
    Local override; warning
    @(39.6000 mm, 29.4000 mm): Via [LP5_WCK0N_B] on F.Cu - B.Cu
[via_dangling]: Via is not connected or connected on only one layer
    Local override; warning
    @(40.2000 mm, 36.0000 mm): Via [LP5_WCK0P_A] on F.Cu - B.Cu
[via_dangling]: Via is not connected or connected on only one layer
    Local override; warning
    @(21.8000 mm, 28.8000 mm): Via [LP5_WCK0P_A] on F.Cu - B.Cu
[via_dangling]: Via is not connected or connected on only one layer
    Local override; warning
    @(28.2000 mm, 28.8000 mm): Via [LP5_WCK1P_A] on F.Cu - B.Cu
[via_dangling]: Via is not connected or connected on only one layer
    Local override; warning
    @(37.3000 mm, 40.1500 mm): Via [PCIE0_PERST_L] on F.Cu - B.Cu
[track_dangling]: Track has unconnected end
    Local override; warning
    @(56.5375 mm, 35.6125 mm): Track [PCIE0_RXN] on In2.Cu, length 1.6125 mm
[track_dangling]: Track has unconnected end
    Local override; warning
    @(52.7625 mm, 32.4625 mm): Track [PCIE0_RXN] on In2.Cu, length 2.0860 mm
[track_dangling]: Track has unconnected end
    Local override; warning
    @(50.1875 mm, 36.3125 mm): Track [PCIE0_RXP] on In6.Cu, length 2.2013 mm
[via_dangling]: Via is not connected or connected on only one layer
    Local override; warning
    @(52.1500 mm, 31.9000 mm): Via [PCIE0_TXN] on F.Cu - B.Cu
[track_dangling]: Track has unconnected end
    Local override; warning
    @(57.9625 mm, 35.9875 mm): Track [PMIC_FB1] on F.Cu, length 1.2760 mm
[track_dangling]: Track has unconnected end
    Local override; warning
    @(43.6375 mm, 41.5125 mm): Track [PMIC_FB5] on In2.Cu, length 4.0253 mm
[via_dangling]: Via is not connected or connected on only one layer
    Local override; warning
    @(52.1500 mm, 35.2000 mm): Via [PMIC_PWRCTRL1] on F.Cu - B.Cu
[via_dangling]: Via is not connected or connected on only one layer
    Local override; warning
    @(51.6000 mm, 34.8000 mm): Via [PMIC_PWRCTRL2] on F.Cu - B.Cu
[via_dangling]: Via is not connected or connected on only one layer
    Local override; warning
    @(52.7000 mm, 35.2000 mm): Via [PMIC_PWRCTRL3] on F.Cu - B.Cu
[track_dangling]: Track has unconnected end
    Local override; warning
    @(44.3375 mm, 27.0125 mm): Track [RGMII_RXC] on In2.Cu, length 0.6010 mm
[via_dangling]: Via is not connected or connected on only one layer
    Local override; warning
    @(43.3500 mm, 25.3000 mm): Via [RGMII_RXD2] on F.Cu - B.Cu
[via_dangling]: Via is not connected or connected on only one layer
    Local override; warning
    @(43.2000 mm, 25.8000 mm): Via [RGMII_RXD3] on F.Cu - B.Cu
[via_dangling]: Via is not connected or connected on only one layer
    Local override; warning
    @(42.8000 mm, 24.7500 mm): Via [RGMII_TXCTL] on F.Cu - B.Cu
[track_dangling]: Track has unconnected end
    Local override; warning
    @(44.3625 mm, 36.9875 mm): Track [RGMII_TXD0] on F.Cu, length 7.3500 mm
[via_dangling]: Via is not connected or connected on only one layer
    Local override; warning
    @(42.6000 mm, 25.8000 mm): Via [RGMII_TXD0] on F.Cu - B.Cu
[via_dangling]: Via is not connected or connected on only one layer
    Local override; warning
    @(42.2500 mm, 25.3000 mm): Via [RGMII_TXD1] on F.Cu - B.Cu
[via_dangling]: Via is not connected or connected on only one layer
    Local override; warning
    @(41.7000 mm, 25.3000 mm): Via [RGMII_TXD3] on F.Cu - B.Cu
[track_dangling]: Track has unconnected end
    Local override; warning
    @(47.1375 mm, 21.9875 mm): Track [SD_CMD] on F.Cu, length 0.9192 mm
[via_dangling]: Via is not connected or connected on only one layer
    Local override; warning
    @(50.5000 mm, 25.3000 mm): Via [SD_D1] on F.Cu - B.Cu
[via_dangling]: Via is not connected or connected on only one layer
    Local override; warning
    @(49.4000 mm, 25.3000 mm): Via [SD_D3] on F.Cu - B.Cu
[via_dangling]: Via is not connected or connected on only one layer
    Local override; warning
    @(45.9800 mm, 39.5000 mm): Via [USB2_OTG1_REXT] on F.Cu - B.Cu
[via_dangling]: Via is not connected or connected on only one layer
    Local override; warning
    @(52.7000 mm, 31.3500 mm): Via [USB3_TXN] on F.Cu - B.Cu
[track_dangling]: Track has unconnected end
    Local override; warning
    @(57.7375 mm, 23.8375 mm): Track [USB3_TXP] on In2.Cu, length 1.4750 mm
[via_dangling]: Via is not connected or connected on only one layer
    Local override; warning
    @(50.4000 mm, 36.6000 mm): Via [USB_HOST_PWREN] on F.Cu - B.Cu
[track_dangling]: Track has unconnected end
    Local override; warning
    @(59.8875 mm, 18.8625 mm): Track [USB_HOST_PWREN] on In6.Cu, length 1.3250 mm
[track_dangling]: Track has unconnected end
    Local override; warning
    @(29.0875 mm, 20.5625 mm): Track [VCCA_1V8_S0] on F.Cu, length 1.2728 mm
[track_dangling]: Track has unconnected end
    Local override; warning
    @(30.1875 mm, 25.6875 mm): Track [VCCA_1V8_S0] on B.Cu, length 1.6250 mm
[track_dangling]: Track has unconnected end
    Local override; warning
    @(41.5625 mm, 48.4625 mm): Track [VCC_1V8_S3] on In6.Cu, length 4.4162 mm
[track_dangling]: Track has unconnected end
    Local override; warning
    @(58.8625 mm, 3.5500 mm): Track [VCC_3V3_S0] on F.Cu, length 1.1125 mm
[via_dangling]: Via is not connected or connected on only one layer
    Local override; warning
    @(66.0625 mm, 20.0875 mm): Via [VCC_3V3_S0] on F.Cu - B.Cu
[track_dangling]: Track has unconnected end
    Local override; warning
    @(43.0625 mm, 40.0125 mm): Track [VCC_3V3_S0] on In2.Cu, length 1.5000 mm
[track_dangling]: Track has unconnected end
    Local override; warning
    @(66.0125 mm, 23.6125 mm): Track [VCC_3V3_S0] on In6.Cu, length 1.5203 mm
[track_dangling]: Track has unconnected end
    Local override; warning
    @(58.0000 mm, 23.0000 mm): Track [VDD2H_DDR_S3] on F.Cu, length 2.3000 mm
[track_dangling]: Track has unconnected end
    Local override; warning
    @(21.2250 mm, 20.0000 mm): Track [VDD2H_DDR_S3] on F.Cu, length 0.9250 mm
[track_dangling]: Track has unconnected end
    Local override; warning
    @(24.5200 mm, 22.0000 mm): Track [VDD2H_DDR_S3] on B.Cu, length 0.7600 mm
[via_dangling]: Via is not connected or connected on only one layer
    Local override; warning
    @(47.9300 mm, 33.6500 mm): Via [VDDA_0V75_S0] on F.Cu - B.Cu
[track_dangling]: Track has unconnected end
    Local override; warning
    @(61.4125 mm, 26.1375 mm): Track [VDDA_1V2_S0] on In8.Cu, length 1.0548 mm
[track_dangling]: Track has unconnected end
    Local override; warning
    @(40.3875 mm, 50.8625 mm): Track [VDDQ_DDR_S0] on F.Cu, length 3.2880 mm
[via_dangling]: Via is not connected or connected on only one layer
    Local override; warning
    @(41.4300 mm, 33.6500 mm): Via [VDDQ_DDR_S0] on F.Cu - B.Cu
[via_dangling]: Via is not connected or connected on only one layer
    Local override; warning
    @(41.4300 mm, 33.0000 mm): Via [VDDQ_DDR_S0] on F.Cu - B.Cu
[via_dangling]: Via is not connected or connected on only one layer
    Local override; warning
    @(41.4300 mm, 32.3500 mm): Via [VDDQ_DDR_S0] on F.Cu - B.Cu
[via_dangling]: Via is not connected or connected on only one layer
    Local override; warning
    @(42.0800 mm, 34.3000 mm): Via [VDDQ_DDR_S0] on F.Cu - B.Cu
[via_dangling]: Via is not connected or connected on only one layer
    Local override; warning
    @(42.0800 mm, 29.7500 mm): Via [VDDQ_DDR_S0] on F.Cu - B.Cu
[via_dangling]: Via is not connected or connected on only one layer
    Local override; warning
    @(41.4300 mm, 31.7000 mm): Via [VDDQ_DDR_S0] on F.Cu - B.Cu
[via_dangling]: Via is not connected or connected on only one layer
    Local override; warning
    @(42.0800 mm, 32.3500 mm): Via [VDDQ_DDR_S0] on F.Cu - B.Cu
[track_dangling]: Track has unconnected end
    Local override; warning
    @(38.6850 mm, 12.0000 mm): Track [VDD_CPU_BIG_S0] on F.Cu, length 2.1500 mm
[via_dangling]: Via is not connected or connected on only one layer
    Local override; warning
    @(45.3300 mm, 33.6500 mm): Via [VDD_CPU_BIG_S0] on F.Cu - B.Cu
[track_dangling]: Track has unconnected end
    Local override; warning
    @(47.8125 mm, 49.6125 mm): Track [VDD_DDR_S0] on In2.Cu, length 0.6329 mm
[via_dangling]: Via is not connected or connected on only one layer
    Local override; warning
    @(45.3300 mm, 31.0500 mm): Via [VDD_NPU_S0] on F.Cu - B.Cu
[via_dangling]: Via is not connected or connected on only one layer
    Local override; warning
    @(45.9800 mm, 30.4000 mm): Via [VDD_NPU_S0] on F.Cu - B.Cu
[via_dangling]: Via is not connected or connected on only one layer
    Local override; warning
    @(45.3300 mm, 30.4000 mm): Via [VDD_NPU_S0] on F.Cu - B.Cu
[via_dangling]: Via is not connected or connected on only one layer
    Local override; warning
    @(45.9800 mm, 31.0500 mm): Via [VDD_NPU_S0] on F.Cu - B.Cu
[track_dangling]: Track has unconnected end
    Local override; warning
    @(59.5200 mm, 30.0000 mm): Track [VDD_NPU_S0] on B.Cu, length 0.7600 mm
[isolated_copper]: Isolated copper fill
    Local override; warning
    @(60.2950 mm, 29.7309 mm): Zone 'PWR_VDD_NPU_S0' [VDD_NPU_S0] on In4.Cu, priority 65
[isolated_copper]: Isolated copper fill
    Local override; warning
    @(55.8450 mm, 16.8309 mm): Zone 'PWR_VDD_CPU_BIG_S0' [VDD_CPU_BIG_S0] on In4.Cu, priority 83
[isolated_copper]: Isolated copper fill
    Local override; warning
    @(53.4450 mm, 37.4309 mm): Zone 'PWR_VCCA_1V8_S0' [VCCA_1V8_S0] on In4.Cu, priority 91
[isolated_copper]: Isolated copper fill
    Local override; warning
    @(43.8950 mm, 36.5309 mm): Zone 'PWR_VCCA_1V8_S0' [VCCA_1V8_S0] on In4.Cu, priority 66
[isolated_copper]: Isolated copper fill
    Local override; warning
    @(59.5950 mm, 25.0309 mm): Zone 'PWR_VDD_LOGIC_S0' [VDD_LOGIC_S0] on In4.Cu, priority 166
[isolated_copper]: Isolated copper fill
    Local override; warning
    @(43.9450 mm, 8.5309 mm): Zone 'PWR_VCCA_3V3_S0' [VCCA_3V3_S0] on In4.Cu, priority 51
[isolated_copper]: Isolated copper fill
    Local override; warning
    @(41.2450 mm, 31.2809 mm): Zone 'PWR_VDD_0V75_S3' [VDD_0V75_S3] on In4.Cu, priority 115
[isolated_copper]: Isolated copper fill
    Local override; warning
    @(55.9950 mm, 18.4309 mm): Zone 'PWR_VCCA1V8_PLDO2_S0' [VCCA1V8_PLDO2_S0] on In4.Cu, priority 52
[isolated_copper]: Isolated copper fill
    Local override; warning
    @(55.9950 mm, 18.4309 mm): Zone 'PWR_VCCA1V8_PLDO2_S0' [VCCA1V8_PLDO2_S0] on In4.Cu, priority 52
[isolated_copper]: Isolated copper fill
    Local override; warning
    @(55.9950 mm, 18.4309 mm): Zone 'PWR_VCCA1V8_PLDO2_S0' [VCCA1V8_PLDO2_S0] on In4.Cu, priority 52
[isolated_copper]: Isolated copper fill
    Local override; warning
    @(55.9950 mm, 18.4309 mm): Zone 'PWR_VCCA1V8_PLDO2_S0' [VCCA1V8_PLDO2_S0] on In4.Cu, priority 52
[isolated_copper]: Isolated copper fill
    Local override; warning
    @(43.1950 mm, 11.1809 mm): Zone 'PWR_VDDA0V75_HDMI_S0' [VDDA0V75_HDMI_S0] on In4.Cu, priority 41
[isolated_copper]: Isolated copper fill
    Local override; warning
    @(43.1950 mm, 11.1809 mm): Zone 'PWR_VDDA0V75_HDMI_S0' [VDDA0V75_HDMI_S0] on In4.Cu, priority 41
[isolated_copper]: Isolated copper fill
    Local override; warning
    @(43.1950 mm, 11.1809 mm): Zone 'PWR_VDDA0V75_HDMI_S0' [VDDA0V75_HDMI_S0] on In4.Cu, priority 41
[isolated_copper]: Isolated copper fill
    Local override; warning
    @(43.1950 mm, 11.1809 mm): Zone 'PWR_VDDA0V75_HDMI_S0' [VDDA0V75_HDMI_S0] on In4.Cu, priority 41
[isolated_copper]: Isolated copper fill
    Local override; warning
    @(40.2950 mm, 13.5809 mm): Zone 'PWR_VDD_0V75_S3' [VDD_0V75_S3] on In4.Cu, priority 38
[isolated_copper]: Isolated copper fill
    Local override; warning
    @(40.2950 mm, 13.5809 mm): Zone 'PWR_VDD_0V75_S3' [VDD_0V75_S3] on In4.Cu, priority 38
[isolated_copper]: Isolated copper fill
    Local override; warning
    @(40.2950 mm, 13.5809 mm): Zone 'PWR_VDD_0V75_S3' [VDD_0V75_S3] on In4.Cu, priority 38
[isolated_copper]: Isolated copper fill
    Local override; warning
    @(40.2950 mm, 13.5809 mm): Zone 'PWR_VDD_0V75_S3' [VDD_0V75_S3] on In4.Cu, priority 38
[isolated_copper]: Isolated copper fill
    Local override; warning
    @(40.2950 mm, 13.5809 mm): Zone 'PWR_VDD_0V75_S3' [VDD_0V75_S3] on In4.Cu, priority 38
[isolated_copper]: Isolated copper fill
    Local override; warning
    @(40.2950 mm, 13.5809 mm): Zone 'PWR_VDD_0V75_S3' [VDD_0V75_S3] on In4.Cu, priority 38
[isolated_copper]: Isolated copper fill
    Local override; warning
    @(62.1950 mm, 1.8309 mm): Zone 'PWR_VCCA_1V8_S0' [VCCA_1V8_S0] on In8.Cu, priority 22
[isolated_copper]: Isolated copper fill
    Local override; warning
    @(41.5950 mm, 10.1309 mm): Zone 'PWR_VCC_1V8_S3' [VCC_1V8_S3] on In8.Cu, priority 76
[isolated_copper]: Isolated copper fill
    Local override; warning
    @(41.5950 mm, 19.2809 mm): Zone 'PWR_VDD_CPU_LIT_S0' [VDD_CPU_LIT_S0] on In8.Cu, priority 32
[isolated_copper]: Isolated copper fill
    Local override; warning
    @(41.5950 mm, 19.2809 mm): Zone 'PWR_VDD_CPU_LIT_S0' [VDD_CPU_LIT_S0] on In8.Cu, priority 32
[isolated_copper]: Isolated copper fill
    Local override; warning
    @(41.5950 mm, 19.2809 mm): Zone 'PWR_VDD_CPU_LIT_S0' [VDD_CPU_LIT_S0] on In8.Cu, priority 32
[isolated_copper]: Isolated copper fill
    Local override; warning
    @(41.5950 mm, 19.2809 mm): Zone 'PWR_VDD_CPU_LIT_S0' [VDD_CPU_LIT_S0] on In8.Cu, priority 32
[isolated_copper]: Isolated copper fill
    Local override; warning
    @(41.5950 mm, 19.2809 mm): Zone 'PWR_VDD_CPU_LIT_S0' [VDD_CPU_LIT_S0] on In8.Cu, priority 32
[isolated_copper]: Isolated copper fill
    Local override; warning
    @(41.5950 mm, 19.2809 mm): Zone 'PWR_VDD_CPU_LIT_S0' [VDD_CPU_LIT_S0] on In8.Cu, priority 32
[isolated_copper]: Isolated copper fill
    Local override; warning
    @(41.5950 mm, 19.2809 mm): Zone 'PWR_VDD_CPU_LIT_S0' [VDD_CPU_LIT_S0] on In8.Cu, priority 32
[isolated_copper]: Isolated copper fill
    Local override; warning
    @(41.5950 mm, 19.2809 mm): Zone 'PWR_VDD_CPU_LIT_S0' [VDD_CPU_LIT_S0] on In8.Cu, priority 32
[isolated_copper]: Isolated copper fill
    Local override; warning
    @(57.0950 mm, 23.5809 mm): Zone 'PWR_VDD_NPU_S0' [VDD_NPU_S0] on In8.Cu, priority 90
[isolated_copper]: Isolated copper fill
    Local override; warning
    @(57.0950 mm, 23.5809 mm): Zone 'PWR_VDD_NPU_S0' [VDD_NPU_S0] on In8.Cu, priority 90
[isolated_copper]: Isolated copper fill
    Local override; warning
    @(28.9450 mm, 23.3809 mm): Zone 'PWR_VDDA_0V75_S0' [VDDA_0V75_S0] on In8.Cu, priority 43
[isolated_copper]: Isolated copper fill
    Local override; warning
    @(28.9450 mm, 23.3809 mm): Zone 'PWR_VDDA_0V75_S0' [VDDA_0V75_S0] on In8.Cu, priority 43
[isolated_copper]: Isolated copper fill
    Local override; warning
    @(51.6450 mm, 29.3809 mm): Zone 'PWR_VCC_1V8_S3' [VCC_1V8_S3] on In8.Cu, priority 47
[isolated_copper]: Isolated copper fill
    Local override; warning
    @(40.3450 mm, 13.6809 mm): Zone 'PWR_VDD_0V75_S3' [VDD_0V75_S3] on In8.Cu, priority 64
[isolated_copper]: Isolated copper fill
    Local override; warning
    @(40.3450 mm, 13.6809 mm): Zone 'PWR_VDD_0V75_S3' [VDD_0V75_S3] on In8.Cu, priority 64
[isolated_copper]: Isolated copper fill
    Local override; warning
    @(48.0950 mm, 31.4309 mm): Zone 'PWR_VDDA_0V85_S0' [VDDA_0V85_S0] on In8.Cu, priority 67
[isolated_copper]: Isolated copper fill
    Local override; warning
    @(50.1950 mm, 13.3309 mm): Zone 'PWR_VDDQ_DDR_S0' [VDDQ_DDR_S0] on In8.Cu, priority 95
[isolated_copper]: Isolated copper fill
    Local override; warning
    @(37.3950 mm, 15.3309 mm): Zone 'PWR_VDDA_0V85_S0' [VDDA_0V85_S0] on In8.Cu, priority 48
[isolated_copper]: Isolated copper fill
    Local override; warning
    @(43.6950 mm, 19.3309 mm): Zone 'PWR_VCC_1V8_S3' [VCC_1V8_S3] on In8.Cu, priority 71

** Found 14 unconnected pads **
[unconnected_items]: Missing connection between items
    Local override; error
    @(33.9875 mm, 40.1125 mm): Track [LP5_DMI0_B] on In6.Cu, length 0.0559 mm
    @(31.8375 mm, 40.0875 mm): Track [LP5_DMI0_B] on B.Cu, length 2.1501 mm
[unconnected_items]: Missing connection between items
    Local override; error
    @(52.1500 mm, 31.9000 mm): Pad P28 [PCIE0_TXN] of U401 on F.Cu
    @(78.1800 mm, 42.5000 mm): Pad 1 [PCIE0_TXN] of C802 on B.Cu
[unconnected_items]: Missing connection between items
    Local override; error
    @(47.0000 mm, 15.9375 mm): Pad 31 [PMIC_FB6] of U201 on F.Cu
    @(57.1875 mm, 37.7625 mm): Track [PMIC_FB6] on F.Cu, length 0.6265 mm
[unconnected_items]: Missing connection between items
    Local override; error
    @(41.0625 mm, 14.8000 mm): Pad 16 [PMIC_PWRCTRL3] of U201 on F.Cu
    @(52.7000 mm, 35.2000 mm): Via [PMIC_PWRCTRL3] on F.Cu - B.Cu
[unconnected_items]: Missing connection between items
    Local override; error
    @(41.0625 mm, 10.0000 mm): Pad 4 [PWRON_L] of U201 on F.Cu
    @(34.5200 mm, 37.5000 mm): Pad 1 [PWRON_L] of C505 on F.Cu
[unconnected_items]: Missing connection between items
    Local override; error
    @(43.3500 mm, 25.3000 mm): Pad B12 [RGMII_RXD2] of U401 on F.Cu
    @(73.0000 mm, 57.5000 mm): Pad 23 [RGMII_RXD2] of U1301 on F.Cu
[unconnected_items]: Missing connection between items
    Local override; error
    @(43.2000 mm, 25.8000 mm): Via [RGMII_RXD3] on F.Cu - B.Cu
    @(73.4000 mm, 57.5000 mm): Pad 22 [RGMII_RXD3] of U1301 on F.Cu
[unconnected_items]: Missing connection between items
    Local override; error
    @(42.8000 mm, 24.7500 mm): Pad A11 [RGMII_TXCTL] of U401 on F.Cu
    @(74.5000 mm, 58.6000 mm): Pad 19 [RGMII_TXCTL] of U1301 on F.Cu
[unconnected_items]: Missing connection between items
    Local override; error
    @(16.9500 mm, 54.9550 mm): Pad 8 [SD_D1] of J701 on B.Cu
    @(50.5000 mm, 25.3000 mm): Pad B25 [SD_D1] of U401 on F.Cu
[unconnected_items]: Missing connection between items
    Local override; error
    @(48.7450 mm, 20.4309 mm): Zone 'PWR_VCCA_1V8_S0' [VCCA_1V8_S0] on In4.Cu, priority 61
    @(48.7450 mm, 20.4309 mm): Zone 'PWR_VCCA_1V8_S0' [VCCA_1V8_S0] on In4.Cu, priority 61
[unconnected_items]: Missing connection between items
    Local override; error
    @(51.6450 mm, 29.3809 mm): Zone 'PWR_VCC_1V8_S3' [VCC_1V8_S3] on In8.Cu, priority 47
    @(51.6450 mm, 29.3809 mm): Zone 'PWR_VCC_1V8_S3' [VCC_1V8_S3] on In8.Cu, priority 47
[unconnected_items]: Missing connection between items
    Local override; error
    @(60.7250 mm, 33.5000 mm): Pad 1 [VCC_2V0_PLDO_S3] of C303 on F.Cu
    @(34.5200 mm, 36.0000 mm): Pad 1 [VCC_2V0_PLDO_S3] of C249 on F.Cu
[unconnected_items]: Missing connection between items
    Local override; error
    @(41.0625 mm, 13.2000 mm): Pad 12 [VDDA_DDR_PLL_S0] of U201 on F.Cu
    @(42.8375 mm, 19.9375 mm): Track [VDDA_DDR_PLL_S0] on In4.Cu, length 2.5280 mm
[unconnected_items]: Missing connection between items
    Local override; error
    @(60.0625 mm, 30.5125 mm): Track [VDD_NPU_S0] on In4.Cu, length 1.3098 mm
    @(59.5200 mm, 30.0000 mm): Track [VDD_NPU_S0] on B.Cu, length 0.7600 mm

** Found 0 Footprint errors **

** End of Report **
